Consolidate compiler generated dependencies of target realsense_gazebo_plugin
[100%] Built target realsense_gazebo_plugin
-- Install configuration: "Release"
-- Execute custom install script
-- Up-to-date symlink: /home/wqj/realtime_nvblox_ws/install/ur7e_d435_gazebo/lib/librealsense_gazebo_plugin.so
-- Up-to-date symlink: /home/wqj/realtime_nvblox_ws/install/ur7e_d435_gazebo/share/ur7e_d435_gazebo/config/collision_world_gazebo_tall.yml
-- Up-to-date symlink: /home/wqj/realtime_nvblox_ws/install/ur7e_d435_gazebo/share/ur7e_d435_gazebo/config/controllers.yaml
-- Up-to-date symlink: /home/wqj/realtime_nvblox_ws/install/ur7e_d435_gazebo/share/ur7e_d435_gazebo/config/d435_side_mount_validation.json
-- Up-to-date symlink: /home/wqj/realtime_nvblox_ws/install/ur7e_d435_gazebo/share/ur7e_d435_gazebo/config/initial_positions.yaml
-- Up-to-date symlink: /home/wqj/realtime_nvblox_ws/install/ur7e_d435_gazebo/share/ur7e_d435_gazebo/config/ur7e_d435_side_sim_mount.yaml
-- Up-to-date symlink: /home/wqj/realtime_nvblox_ws/install/ur7e_d435_gazebo/share/ur7e_d435_gazebo/urdf/d435_side_mount.urdf.xacro
-- Up-to-date symlink: /home/wqj/realtime_nvblox_ws/install/ur7e_d435_gazebo/share/ur7e_d435_gazebo/urdf/realsense/_d435.urdf.xacro
-- Up-to-date symlink: /home/wqj/realtime_nvblox_ws/install/ur7e_d435_gazebo/share/ur7e_d435_gazebo/urdf/realsense/_materials.urdf.xacro
-- Up-to-date symlink: /home/wqj/realtime_nvblox_ws/install/ur7e_d435_gazebo/share/ur7e_d435_gazebo/urdf/realsense/_usb_plug.urdf.xacro
-- Up-to-date symlink: /home/wqj/realtime_nvblox_ws/install/ur7e_d435_gazebo/share/ur7e_d435_gazebo/urdf/ur7e_base.urdf.xacro
-- Up-to-date symlink: /home/wqj/realtime_nvblox_ws/install/ur7e_d435_gazebo/share/ur7e_d435_gazebo/urdf/ur7e_d435.urdf.xacro
-- Up-to-date symlink: /home/wqj/realtime_nvblox_ws/install/ur7e_d435_gazebo/share/ur7e_d435_gazebo/meshes/realsense/d435.dae
-- Up-to-date symlink: /home/wqj/realtime_nvblox_ws/install/ur7e_d435_gazebo/share/ur7e_d435_gazebo/meshes/realsense/plug.stl
-- Symlinking: /home/wqj/realtime_nvblox_ws/install/ur7e_d435_gazebo/share/ur7e_d435_gazebo/meshes/realsense/plug_collision.stl
-- Up-to-date symlink: /home/wqj/realtime_nvblox_ws/install/ur7e_d435_gazebo/share/ur7e_d435_gazebo/meshes/ur/collision/base.stl
-- Up-to-date symlink: /home/wqj/realtime_nvblox_ws/install/ur7e_d435_gazebo/share/ur7e_d435_gazebo/meshes/ur/collision/forearm.stl
-- Up-to-date symlink: /home/wqj/realtime_nvblox_ws/install/ur7e_d435_gazebo/share/ur7e_d435_gazebo/meshes/ur/collision/shoulder.stl
-- Up-to-date symlink: /home/wqj/realtime_nvblox_ws/install/ur7e_d435_gazebo/share/ur7e_d435_gazebo/meshes/ur/collision/upperarm.stl
-- Up-to-date symlink: /home/wqj/realtime_nvblox_ws/install/ur7e_d435_gazebo/share/ur7e_d435_gazebo/meshes/ur/collision/wrist1.stl
-- Up-to-date symlink: /home/wqj/realtime_nvblox_ws/install/ur7e_d435_gazebo/share/ur7e_d435_gazebo/meshes/ur/collision/wrist2.stl
-- Up-to-date symlink: /home/wqj/realtime_nvblox_ws/install/ur7e_d435_gazebo/share/ur7e_d435_gazebo/meshes/ur/collision/wrist3.stl
-- Up-to-date symlink: /home/wqj/realtime_nvblox_ws/install/ur7e_d435_gazebo/share/ur7e_d435_gazebo/meshes/ur/visual/base.dae
-- Up-to-date symlink: /home/wqj/realtime_nvblox_ws/install/ur7e_d435_gazebo/share/ur7e_d435_gazebo/meshes/ur/visual/forearm.dae
-- Up-to-date symlink: /home/wqj/realtime_nvblox_ws/install/ur7e_d435_gazebo/share/ur7e_d435_gazebo/meshes/ur/visual/shoulder.dae
-- Up-to-date symlink: /home/wqj/realtime_nvblox_ws/install/ur7e_d435_gazebo/share/ur7e_d435_gazebo/meshes/ur/visual/upperarm.dae
-- Up-to-date symlink: /home/wqj/realtime_nvblox_ws/install/ur7e_d435_gazebo/share/ur7e_d435_gazebo/meshes/ur/visual/wrist1.dae
-- Up-to-date symlink: /home/wqj/realtime_nvblox_ws/install/ur7e_d435_gazebo/share/ur7e_d435_gazebo/meshes/ur/visual/wrist2.dae
-- Up-to-date symlink: /home/wqj/realtime_nvblox_ws/install/ur7e_d435_gazebo/share/ur7e_d435_gazebo/meshes/ur/visual/wrist3.dae
-- Up-to-date symlink: /home/wqj/realtime_nvblox_ws/install/ur7e_d435_gazebo/share/ur7e_d435_gazebo/launch/scene.launch.py
-- Up-to-date symlink: /home/wqj/realtime_nvblox_ws/install/ur7e_d435_gazebo/share/ur7e_d435_gazebo/licenses/RealSense-Apache-2.0.txt
-- Up-to-date symlink: /home/wqj/realtime_nvblox_ws/install/ur7e_d435_gazebo/share/ur7e_d435_gazebo/licenses/UR-Description-LICENSE
-- Up-to-date symlink: /home/wqj/realtime_nvblox_ws/install/ur7e_d435_gazebo/share/ur7e_d435_gazebo/README.md
-- Up-to-date symlink: /home/wqj/realtime_nvblox_ws/install/ur7e_d435_gazebo/share/ur7e_d435_gazebo/THIRD_PARTY.md
-- Up-to-date symlink: /home/wqj/realtime_nvblox_ws/install/ur7e_d435_gazebo/lib/ur7e_d435_gazebo/spawn_scene.py
-- Up-to-date symlink: /home/wqj/realtime_nvblox_ws/install/ur7e_d435_gazebo/lib/ur7e_d435_gazebo/verify_scene.py
-- Up-to-date symlink: /home/wqj/realtime_nvblox_ws/install/ur7e_d435_gazebo/lib/ur7e_d435_gazebo/gazebo_obstacle_utils.py
-- Up-to-date symlink: /home/wqj/realtime_nvblox_ws/install/ur7e_d435_gazebo/share/ament_index/resource_index/package_run_dependencies/ur7e_d435_gazebo
-- Up-to-date symlink: /home/wqj/realtime_nvblox_ws/install/ur7e_d435_gazebo/share/ament_index/resource_index/parent_prefix_path/ur7e_d435_gazebo
-- Up-to-date symlink: /home/wqj/realtime_nvblox_ws/install/ur7e_d435_gazebo/share/ur7e_d435_gazebo/environment/ament_prefix_path.sh
-- Up-to-date symlink: /home/wqj/realtime_nvblox_ws/install/ur7e_d435_gazebo/share/ur7e_d435_gazebo/environment/ament_prefix_path.dsv
-- Up-to-date symlink: /home/wqj/realtime_nvblox_ws/install/ur7e_d435_gazebo/share/ur7e_d435_gazebo/environment/path.sh
-- Up-to-date symlink: /home/wqj/realtime_nvblox_ws/install/ur7e_d435_gazebo/share/ur7e_d435_gazebo/environment/path.dsv
-- Up-to-date symlink: /home/wqj/realtime_nvblox_ws/install/ur7e_d435_gazebo/share/ur7e_d435_gazebo/local_setup.bash
-- Up-to-date symlink: /home/wqj/realtime_nvblox_ws/install/ur7e_d435_gazebo/share/ur7e_d435_gazebo/local_setup.sh
-- Up-to-date symlink: /home/wqj/realtime_nvblox_ws/install/ur7e_d435_gazebo/share/ur7e_d435_gazebo/local_setup.zsh
-- Up-to-date symlink: /home/wqj/realtime_nvblox_ws/install/ur7e_d435_gazebo/share/ur7e_d435_gazebo/local_setup.dsv
-- Symlinking: /home/wqj/realtime_nvblox_ws/install/ur7e_d435_gazebo/share/ur7e_d435_gazebo/package.dsv
-- Up-to-date symlink: /home/wqj/realtime_nvblox_ws/install/ur7e_d435_gazebo/share/ament_index/resource_index/packages/ur7e_d435_gazebo
-- Up-to-date symlink: /home/wqj/realtime_nvblox_ws/install/ur7e_d435_gazebo/share/ur7e_d435_gazebo/cmake/ur7e_d435_gazeboConfig.cmake
-- Up-to-date symlink: /home/wqj/realtime_nvblox_ws/install/ur7e_d435_gazebo/share/ur7e_d435_gazebo/cmake/ur7e_d435_gazeboConfig-version.cmake
-- Up-to-date symlink: /home/wqj/realtime_nvblox_ws/install/ur7e_d435_gazebo/share/ur7e_d435_gazebo/package.xml
