[0.007s] Invoking command in '/home/wqj/realtime_nvblox_ws/build/ur7e_d435_gazebo': CMAKE_PREFIX_PATH=/opt/ros/humble /usr/bin/cmake --build /home/wqj/realtime_nvblox_ws/build/ur7e_d435_gazebo -- -j24 -l24
[0.053s] Consolidate compiler generated dependencies of target realsense_gazebo_plugin
[0.074s] [100%] Built target realsense_gazebo_plugin
[0.082s] Invoked command in '/home/wqj/realtime_nvblox_ws/build/ur7e_d435_gazebo' returned '0': CMAKE_PREFIX_PATH=/opt/ros/humble /usr/bin/cmake --build /home/wqj/realtime_nvblox_ws/build/ur7e_d435_gazebo -- -j24 -l24
[0.091s] Invoking command in '/home/wqj/realtime_nvblox_ws/build/ur7e_d435_gazebo': CMAKE_PREFIX_PATH=/opt/ros/humble /usr/bin/cmake --install /home/wqj/realtime_nvblox_ws/build/ur7e_d435_gazebo
[0.095s] -- Install configuration: "Release"
[0.096s] -- Execute custom install script
[0.096s] -- Up-to-date symlink: /home/wqj/realtime_nvblox_ws/install/ur7e_d435_gazebo/lib/librealsense_gazebo_plugin.so
[0.096s] -- Up-to-date symlink: /home/wqj/realtime_nvblox_ws/install/ur7e_d435_gazebo/share/ur7e_d435_gazebo/config/collision_world_gazebo_tall.yml
[0.096s] -- Up-to-date symlink: /home/wqj/realtime_nvblox_ws/install/ur7e_d435_gazebo/share/ur7e_d435_gazebo/config/controllers.yaml
[0.096s] -- Up-to-date symlink: /home/wqj/realtime_nvblox_ws/install/ur7e_d435_gazebo/share/ur7e_d435_gazebo/config/d435_side_mount_validation.json
[0.096s] -- Up-to-date symlink: /home/wqj/realtime_nvblox_ws/install/ur7e_d435_gazebo/share/ur7e_d435_gazebo/config/initial_positions.yaml
[0.096s] -- Up-to-date symlink: /home/wqj/realtime_nvblox_ws/install/ur7e_d435_gazebo/share/ur7e_d435_gazebo/config/ur7e_d435_side_sim_mount.yaml
[0.096s] -- Up-to-date symlink: /home/wqj/realtime_nvblox_ws/install/ur7e_d435_gazebo/share/ur7e_d435_gazebo/urdf/d435_side_mount.urdf.xacro
[0.096s] -- Up-to-date symlink: /home/wqj/realtime_nvblox_ws/install/ur7e_d435_gazebo/share/ur7e_d435_gazebo/urdf/realsense/_d435.urdf.xacro
[0.097s] -- Up-to-date symlink: /home/wqj/realtime_nvblox_ws/install/ur7e_d435_gazebo/share/ur7e_d435_gazebo/urdf/realsense/_materials.urdf.xacro
[0.097s] -- Up-to-date symlink: /home/wqj/realtime_nvblox_ws/install/ur7e_d435_gazebo/share/ur7e_d435_gazebo/urdf/realsense/_usb_plug.urdf.xacro
[0.097s] -- Up-to-date symlink: /home/wqj/realtime_nvblox_ws/install/ur7e_d435_gazebo/share/ur7e_d435_gazebo/urdf/ur7e_base.urdf.xacro
[0.097s] -- Up-to-date symlink: /home/wqj/realtime_nvblox_ws/install/ur7e_d435_gazebo/share/ur7e_d435_gazebo/urdf/ur7e_d435.urdf.xacro
[0.097s] -- Up-to-date symlink: /home/wqj/realtime_nvblox_ws/install/ur7e_d435_gazebo/share/ur7e_d435_gazebo/meshes/realsense/d435.dae
[0.097s] -- Up-to-date symlink: /home/wqj/realtime_nvblox_ws/install/ur7e_d435_gazebo/share/ur7e_d435_gazebo/meshes/realsense/plug.stl
[0.097s] -- Symlinking: /home/wqj/realtime_nvblox_ws/install/ur7e_d435_gazebo/share/ur7e_d435_gazebo/meshes/realsense/plug_collision.stl
[0.104s] -- Up-to-date symlink: /home/wqj/realtime_nvblox_ws/install/ur7e_d435_gazebo/share/ur7e_d435_gazebo/meshes/ur/collision/base.stl
[0.104s] -- Up-to-date symlink: /home/wqj/realtime_nvblox_ws/install/ur7e_d435_gazebo/share/ur7e_d435_gazebo/meshes/ur/collision/forearm.stl
[0.104s] -- Up-to-date symlink: /home/wqj/realtime_nvblox_ws/install/ur7e_d435_gazebo/share/ur7e_d435_gazebo/meshes/ur/collision/shoulder.stl
[0.104s] -- Up-to-date symlink: /home/wqj/realtime_nvblox_ws/install/ur7e_d435_gazebo/share/ur7e_d435_gazebo/meshes/ur/collision/upperarm.stl
[0.104s] -- Up-to-date symlink: /home/wqj/realtime_nvblox_ws/install/ur7e_d435_gazebo/share/ur7e_d435_gazebo/meshes/ur/collision/wrist1.stl
[0.104s] -- Up-to-date symlink: /home/wqj/realtime_nvblox_ws/install/ur7e_d435_gazebo/share/ur7e_d435_gazebo/meshes/ur/collision/wrist2.stl
[0.104s] -- Up-to-date symlink: /home/wqj/realtime_nvblox_ws/install/ur7e_d435_gazebo/share/ur7e_d435_gazebo/meshes/ur/collision/wrist3.stl
[0.104s] -- Up-to-date symlink: /home/wqj/realtime_nvblox_ws/install/ur7e_d435_gazebo/share/ur7e_d435_gazebo/meshes/ur/visual/base.dae
[0.104s] -- Up-to-date symlink: /home/wqj/realtime_nvblox_ws/install/ur7e_d435_gazebo/share/ur7e_d435_gazebo/meshes/ur/visual/forearm.dae
[0.104s] -- Up-to-date symlink: /home/wqj/realtime_nvblox_ws/install/ur7e_d435_gazebo/share/ur7e_d435_gazebo/meshes/ur/visual/shoulder.dae
[0.105s] -- Up-to-date symlink: /home/wqj/realtime_nvblox_ws/install/ur7e_d435_gazebo/share/ur7e_d435_gazebo/meshes/ur/visual/upperarm.dae
[0.105s] -- Up-to-date symlink: /home/wqj/realtime_nvblox_ws/install/ur7e_d435_gazebo/share/ur7e_d435_gazebo/meshes/ur/visual/wrist1.dae
[0.105s] -- Up-to-date symlink: /home/wqj/realtime_nvblox_ws/install/ur7e_d435_gazebo/share/ur7e_d435_gazebo/meshes/ur/visual/wrist2.dae
[0.105s] -- Up-to-date symlink: /home/wqj/realtime_nvblox_ws/install/ur7e_d435_gazebo/share/ur7e_d435_gazebo/meshes/ur/visual/wrist3.dae
[0.105s] -- Up-to-date symlink: /home/wqj/realtime_nvblox_ws/install/ur7e_d435_gazebo/share/ur7e_d435_gazebo/launch/scene.launch.py
[0.105s] -- Up-to-date symlink: /home/wqj/realtime_nvblox_ws/install/ur7e_d435_gazebo/share/ur7e_d435_gazebo/licenses/RealSense-Apache-2.0.txt
[0.105s] -- Up-to-date symlink: /home/wqj/realtime_nvblox_ws/install/ur7e_d435_gazebo/share/ur7e_d435_gazebo/licenses/UR-Description-LICENSE
[0.105s] -- Up-to-date symlink: /home/wqj/realtime_nvblox_ws/install/ur7e_d435_gazebo/share/ur7e_d435_gazebo/README.md
[0.105s] -- Up-to-date symlink: /home/wqj/realtime_nvblox_ws/install/ur7e_d435_gazebo/share/ur7e_d435_gazebo/THIRD_PARTY.md
[0.105s] -- Up-to-date symlink: /home/wqj/realtime_nvblox_ws/install/ur7e_d435_gazebo/lib/ur7e_d435_gazebo/spawn_scene.py
[0.105s] -- Up-to-date symlink: /home/wqj/realtime_nvblox_ws/install/ur7e_d435_gazebo/lib/ur7e_d435_gazebo/verify_scene.py
[0.105s] -- Up-to-date symlink: /home/wqj/realtime_nvblox_ws/install/ur7e_d435_gazebo/lib/ur7e_d435_gazebo/gazebo_obstacle_utils.py
[0.106s] -- Up-to-date symlink: /home/wqj/realtime_nvblox_ws/install/ur7e_d435_gazebo/share/ament_index/resource_index/package_run_dependencies/ur7e_d435_gazebo
[0.106s] -- Up-to-date symlink: /home/wqj/realtime_nvblox_ws/install/ur7e_d435_gazebo/share/ament_index/resource_index/parent_prefix_path/ur7e_d435_gazebo
[0.106s] -- Up-to-date symlink: /home/wqj/realtime_nvblox_ws/install/ur7e_d435_gazebo/share/ur7e_d435_gazebo/environment/ament_prefix_path.sh
[0.106s] -- Up-to-date symlink: /home/wqj/realtime_nvblox_ws/install/ur7e_d435_gazebo/share/ur7e_d435_gazebo/environment/ament_prefix_path.dsv
[0.106s] -- Up-to-date symlink: /home/wqj/realtime_nvblox_ws/install/ur7e_d435_gazebo/share/ur7e_d435_gazebo/environment/path.sh
[0.106s] -- Up-to-date symlink: /home/wqj/realtime_nvblox_ws/install/ur7e_d435_gazebo/share/ur7e_d435_gazebo/environment/path.dsv
[0.106s] -- Up-to-date symlink: /home/wqj/realtime_nvblox_ws/install/ur7e_d435_gazebo/share/ur7e_d435_gazebo/local_setup.bash
[0.106s] -- Up-to-date symlink: /home/wqj/realtime_nvblox_ws/install/ur7e_d435_gazebo/share/ur7e_d435_gazebo/local_setup.sh
[0.106s] -- Up-to-date symlink: /home/wqj/realtime_nvblox_ws/install/ur7e_d435_gazebo/share/ur7e_d435_gazebo/local_setup.zsh
[0.106s] -- Up-to-date symlink: /home/wqj/realtime_nvblox_ws/install/ur7e_d435_gazebo/share/ur7e_d435_gazebo/local_setup.dsv
[0.106s] -- Symlinking: /home/wqj/realtime_nvblox_ws/install/ur7e_d435_gazebo/share/ur7e_d435_gazebo/package.dsv
[0.112s] -- Up-to-date symlink: /home/wqj/realtime_nvblox_ws/install/ur7e_d435_gazebo/share/ament_index/resource_index/packages/ur7e_d435_gazebo
[0.112s] -- Up-to-date symlink: /home/wqj/realtime_nvblox_ws/install/ur7e_d435_gazebo/share/ur7e_d435_gazebo/cmake/ur7e_d435_gazeboConfig.cmake
[0.112s] -- Up-to-date symlink: /home/wqj/realtime_nvblox_ws/install/ur7e_d435_gazebo/share/ur7e_d435_gazebo/cmake/ur7e_d435_gazeboConfig-version.cmake
[0.112s] -- Up-to-date symlink: /home/wqj/realtime_nvblox_ws/install/ur7e_d435_gazebo/share/ur7e_d435_gazebo/package.xml
[0.113s] Invoked command in '/home/wqj/realtime_nvblox_ws/build/ur7e_d435_gazebo' returned '0': CMAKE_PREFIX_PATH=/opt/ros/humble /usr/bin/cmake --install /home/wqj/realtime_nvblox_ws/build/ur7e_d435_gazebo
