-- Found ament_cmake: 1.3.12 (/opt/ros/humble/share/ament_cmake/cmake)
-- Override CMake install command with custom implementation using symlinks instead of copying resources
-- Found DART: /usr/include (Required is at least version "6.6") found components: dart 
-- Found Protobuf: /usr/lib/x86_64-linux-gnu/libprotobuf.so (found version "3.12.4") 
-- Looking for ignition-math6 -- found version 6.15.1
-- Searching for dependencies of ignition-math6
-- Looking for OGRE...
-- Found Ogre Ghadamon (1.9.0)
-- Found OGRE: optimized;/usr/lib/x86_64-linux-gnu/libOgreMain.so;debug;/usr/lib/x86_64-linux-gnu/libOgreMain.so
-- Looking for OGRE_Paging...
-- Found OGRE_Paging: optimized;/usr/lib/x86_64-linux-gnu/libOgrePaging.so;debug;/usr/lib/x86_64-linux-gnu/libOgrePaging.so
-- Looking for OGRE_Terrain...
-- Found OGRE_Terrain: optimized;/usr/lib/x86_64-linux-gnu/libOgreTerrain.so;debug;/usr/lib/x86_64-linux-gnu/libOgreTerrain.so
-- Looking for OGRE_Property...
-- Found OGRE_Property: optimized;/usr/lib/x86_64-linux-gnu/libOgreProperty.so;debug;/usr/lib/x86_64-linux-gnu/libOgreProperty.so
-- Looking for OGRE_RTShaderSystem...
-- Found OGRE_RTShaderSystem: optimized;/usr/lib/x86_64-linux-gnu/libOgreRTShaderSystem.so;debug;/usr/lib/x86_64-linux-gnu/libOgreRTShaderSystem.so
-- Looking for OGRE_Volume...
-- Found OGRE_Volume: optimized;/usr/lib/x86_64-linux-gnu/libOgreVolume.so;debug;/usr/lib/x86_64-linux-gnu/libOgreVolume.so
-- Looking for OGRE_Overlay...
-- Found OGRE_Overlay: optimized;/usr/lib/x86_64-linux-gnu/libOgreOverlay.so;debug;/usr/lib/x86_64-linux-gnu/libOgreOverlay.so
-- Looking for ignition-math6 -- found version 6.15.1
-- Looking for ignition-transport8 -- found version 8.2.1
-- Searching for dependencies of ignition-transport8
-- Found Protobuf: /usr/lib/x86_64-linux-gnu/libprotobuf.so (found suitable version "3.12.4", minimum required is "3") 
-- Config-file not installed for ZeroMQ -- checking for pkg-config
-- Checking for module 'libzmq >= 4'
--   Found libzmq , version 4.3.4
-- Checking for module 'uuid'
--   Found uuid, version 2.37.2
-- Looking for ignition-msgs5 -- found version 5.8.1
-- Searching for dependencies of ignition-msgs5
-- Looking for ignition-math6 -- found version 6.15.1
-- Checking for module 'tinyxml2'
--   Found tinyxml2, version 9.0.0
-- Looking for ignition-msgs5 -- found version 5.8.1
-- Looking for ignition-common3 -- found version 3.14.0
-- Searching for dependencies of ignition-common3
-- Looking for dlfcn.h - found
-- Looking for libdl - found
-- Searching for <ignition-common3> component [graphics]
-- Looking for ignition-common3-graphics -- found version 3.14.0
-- Searching for dependencies of ignition-common3-graphics
-- Looking for ignition-math6 -- found version 6.15.1
-- Looking for ignition-fuel_tools4 -- found version 4.4.0
-- Searching for dependencies of ignition-fuel_tools4
-- Checking for module 'jsoncpp'
--   Found jsoncpp, version 1.9.5
-- Checking for module 'libzip'
--   Found libzip, version 1.7.3
-- Looking for ignition-common3 -- found version 3.14.0
-- Looking for ignition-math6 -- found version 6.15.1
-- Looking for ignition-msgs5 -- found version 5.8.1
-- Found gazebo_ros: 3.9.0 (/opt/ros/humble/share/gazebo_ros/cmake)
-- Found rosidl_generator_c: 3.1.7 (/opt/ros/humble/share/rosidl_generator_c/cmake)
-- Found rosidl_adapter: 3.1.7 (/opt/ros/humble/share/rosidl_adapter/cmake)
-- Found rosidl_generator_cpp: 3.1.7 (/opt/ros/humble/share/rosidl_generator_cpp/cmake)
-- Using all available rosidl_typesupport_c: rosidl_typesupport_fastrtps_c;rosidl_typesupport_introspection_c
-- Using all available rosidl_typesupport_cpp: rosidl_typesupport_fastrtps_cpp;rosidl_typesupport_introspection_cpp
-- Found rmw_implementation_cmake: 6.1.2 (/opt/ros/humble/share/rmw_implementation_cmake/cmake)
-- Found rmw_fastrtps_cpp: 6.2.9 (/opt/ros/humble/share/rmw_fastrtps_cpp/cmake)
-- Using RMW implementation 'rmw_fastrtps_cpp' as default
-- Gazebo version: 11.10
-- Found sensor_msgs: 4.9.0 (/opt/ros/humble/share/sensor_msgs/cmake)
-- Found image_transport: 3.1.12 (/opt/ros/humble/share/image_transport/cmake)
-- Found point_cloud_transport: 1.0.21 (/opt/ros/humble/share/point_cloud_transport/cmake)
-- Found camera_info_manager: 3.1.12 (/opt/ros/humble/share/camera_info_manager/cmake)
-- Configuring done
-- Generating done
-- Build files have been written to: /home/wqj/realtime_nvblox_ws/build/ur7e_d435_gazebo
[ 33%] Building CXX object CMakeFiles/realsense_gazebo_plugin.dir/third_party/realsense_gazebo_plugin/src/RealSensePlugin.cpp.o
[ 66%] Building CXX object CMakeFiles/realsense_gazebo_plugin.dir/third_party/realsense_gazebo_plugin/src/gazebo_ros_realsense.cpp.o
[100%] Linking CXX shared library librealsense_gazebo_plugin.so
[100%] Built target realsense_gazebo_plugin
-- Install configuration: "Release"
-- Execute custom install script
-- Symlinking: /home/wqj/realtime_nvblox_ws/install/ur7e_d435_gazebo/lib/librealsense_gazebo_plugin.so
-- Symlinking: /home/wqj/realtime_nvblox_ws/install/ur7e_d435_gazebo/share/ur7e_d435_gazebo/config/collision_world_gazebo_tall.yml
-- Symlinking: /home/wqj/realtime_nvblox_ws/install/ur7e_d435_gazebo/share/ur7e_d435_gazebo/config/controllers.yaml
-- Symlinking: /home/wqj/realtime_nvblox_ws/install/ur7e_d435_gazebo/share/ur7e_d435_gazebo/config/d435_side_mount_validation.json
-- Symlinking: /home/wqj/realtime_nvblox_ws/install/ur7e_d435_gazebo/share/ur7e_d435_gazebo/config/initial_positions.yaml
-- Symlinking: /home/wqj/realtime_nvblox_ws/install/ur7e_d435_gazebo/share/ur7e_d435_gazebo/config/ur7e_d435_side_sim_mount.yaml
-- Symlinking: /home/wqj/realtime_nvblox_ws/install/ur7e_d435_gazebo/share/ur7e_d435_gazebo/urdf/d435_side_mount.urdf.xacro
-- Symlinking: /home/wqj/realtime_nvblox_ws/install/ur7e_d435_gazebo/share/ur7e_d435_gazebo/urdf/realsense/_d435.urdf.xacro
-- Symlinking: /home/wqj/realtime_nvblox_ws/install/ur7e_d435_gazebo/share/ur7e_d435_gazebo/urdf/realsense/_materials.urdf.xacro
-- Symlinking: /home/wqj/realtime_nvblox_ws/install/ur7e_d435_gazebo/share/ur7e_d435_gazebo/urdf/realsense/_usb_plug.urdf.xacro
-- Symlinking: /home/wqj/realtime_nvblox_ws/install/ur7e_d435_gazebo/share/ur7e_d435_gazebo/urdf/ur7e_base.urdf.xacro
-- Symlinking: /home/wqj/realtime_nvblox_ws/install/ur7e_d435_gazebo/share/ur7e_d435_gazebo/urdf/ur7e_d435.urdf.xacro
-- Symlinking: /home/wqj/realtime_nvblox_ws/install/ur7e_d435_gazebo/share/ur7e_d435_gazebo/meshes/realsense/d435.dae
-- Symlinking: /home/wqj/realtime_nvblox_ws/install/ur7e_d435_gazebo/share/ur7e_d435_gazebo/meshes/realsense/plug.stl
-- Symlinking: /home/wqj/realtime_nvblox_ws/install/ur7e_d435_gazebo/share/ur7e_d435_gazebo/meshes/ur/collision/base.stl
-- Symlinking: /home/wqj/realtime_nvblox_ws/install/ur7e_d435_gazebo/share/ur7e_d435_gazebo/meshes/ur/collision/forearm.stl
-- Symlinking: /home/wqj/realtime_nvblox_ws/install/ur7e_d435_gazebo/share/ur7e_d435_gazebo/meshes/ur/collision/shoulder.stl
-- Symlinking: /home/wqj/realtime_nvblox_ws/install/ur7e_d435_gazebo/share/ur7e_d435_gazebo/meshes/ur/collision/upperarm.stl
-- Symlinking: /home/wqj/realtime_nvblox_ws/install/ur7e_d435_gazebo/share/ur7e_d435_gazebo/meshes/ur/collision/wrist1.stl
-- Symlinking: /home/wqj/realtime_nvblox_ws/install/ur7e_d435_gazebo/share/ur7e_d435_gazebo/meshes/ur/collision/wrist2.stl
-- Symlinking: /home/wqj/realtime_nvblox_ws/install/ur7e_d435_gazebo/share/ur7e_d435_gazebo/meshes/ur/collision/wrist3.stl
-- Symlinking: /home/wqj/realtime_nvblox_ws/install/ur7e_d435_gazebo/share/ur7e_d435_gazebo/meshes/ur/visual/base.dae
-- Symlinking: /home/wqj/realtime_nvblox_ws/install/ur7e_d435_gazebo/share/ur7e_d435_gazebo/meshes/ur/visual/forearm.dae
-- Symlinking: /home/wqj/realtime_nvblox_ws/install/ur7e_d435_gazebo/share/ur7e_d435_gazebo/meshes/ur/visual/shoulder.dae
-- Symlinking: /home/wqj/realtime_nvblox_ws/install/ur7e_d435_gazebo/share/ur7e_d435_gazebo/meshes/ur/visual/upperarm.dae
-- Symlinking: /home/wqj/realtime_nvblox_ws/install/ur7e_d435_gazebo/share/ur7e_d435_gazebo/meshes/ur/visual/wrist1.dae
-- Symlinking: /home/wqj/realtime_nvblox_ws/install/ur7e_d435_gazebo/share/ur7e_d435_gazebo/meshes/ur/visual/wrist2.dae
-- Symlinking: /home/wqj/realtime_nvblox_ws/install/ur7e_d435_gazebo/share/ur7e_d435_gazebo/meshes/ur/visual/wrist3.dae
-- Symlinking: /home/wqj/realtime_nvblox_ws/install/ur7e_d435_gazebo/share/ur7e_d435_gazebo/launch/scene.launch.py
-- Symlinking: /home/wqj/realtime_nvblox_ws/install/ur7e_d435_gazebo/share/ur7e_d435_gazebo/licenses/RealSense-Apache-2.0.txt
-- Symlinking: /home/wqj/realtime_nvblox_ws/install/ur7e_d435_gazebo/share/ur7e_d435_gazebo/licenses/UR-Description-LICENSE
-- Symlinking: /home/wqj/realtime_nvblox_ws/install/ur7e_d435_gazebo/share/ur7e_d435_gazebo/README.md
-- Symlinking: /home/wqj/realtime_nvblox_ws/install/ur7e_d435_gazebo/share/ur7e_d435_gazebo/THIRD_PARTY.md
-- Symlinking: /home/wqj/realtime_nvblox_ws/install/ur7e_d435_gazebo/lib/ur7e_d435_gazebo/spawn_scene.py
-- Symlinking: /home/wqj/realtime_nvblox_ws/install/ur7e_d435_gazebo/lib/ur7e_d435_gazebo/verify_scene.py
-- Symlinking: /home/wqj/realtime_nvblox_ws/install/ur7e_d435_gazebo/lib/ur7e_d435_gazebo/gazebo_obstacle_utils.py
-- Symlinking: /home/wqj/realtime_nvblox_ws/install/ur7e_d435_gazebo/share/ament_index/resource_index/package_run_dependencies/ur7e_d435_gazebo
-- Symlinking: /home/wqj/realtime_nvblox_ws/install/ur7e_d435_gazebo/share/ament_index/resource_index/parent_prefix_path/ur7e_d435_gazebo
-- Symlinking: /home/wqj/realtime_nvblox_ws/install/ur7e_d435_gazebo/share/ur7e_d435_gazebo/environment/ament_prefix_path.sh
-- Symlinking: /home/wqj/realtime_nvblox_ws/install/ur7e_d435_gazebo/share/ur7e_d435_gazebo/environment/ament_prefix_path.dsv
-- Symlinking: /home/wqj/realtime_nvblox_ws/install/ur7e_d435_gazebo/share/ur7e_d435_gazebo/environment/path.sh
-- Symlinking: /home/wqj/realtime_nvblox_ws/install/ur7e_d435_gazebo/share/ur7e_d435_gazebo/environment/path.dsv
-- Symlinking: /home/wqj/realtime_nvblox_ws/install/ur7e_d435_gazebo/share/ur7e_d435_gazebo/local_setup.bash
-- Symlinking: /home/wqj/realtime_nvblox_ws/install/ur7e_d435_gazebo/share/ur7e_d435_gazebo/local_setup.sh
-- Symlinking: /home/wqj/realtime_nvblox_ws/install/ur7e_d435_gazebo/share/ur7e_d435_gazebo/local_setup.zsh
-- Symlinking: /home/wqj/realtime_nvblox_ws/install/ur7e_d435_gazebo/share/ur7e_d435_gazebo/local_setup.dsv
-- Symlinking: /home/wqj/realtime_nvblox_ws/install/ur7e_d435_gazebo/share/ur7e_d435_gazebo/package.dsv
-- Symlinking: /home/wqj/realtime_nvblox_ws/install/ur7e_d435_gazebo/share/ament_index/resource_index/packages/ur7e_d435_gazebo
-- Symlinking: /home/wqj/realtime_nvblox_ws/install/ur7e_d435_gazebo/share/ur7e_d435_gazebo/cmake/ur7e_d435_gazeboConfig.cmake
-- Symlinking: /home/wqj/realtime_nvblox_ws/install/ur7e_d435_gazebo/share/ur7e_d435_gazebo/cmake/ur7e_d435_gazeboConfig-version.cmake
-- Symlinking: /home/wqj/realtime_nvblox_ws/install/ur7e_d435_gazebo/share/ur7e_d435_gazebo/package.xml
