[0.005s] Invoking command in '/home/wqj/realtime_nvblox_ws/build/ur7e_d435_gazebo': CMAKE_PREFIX_PATH=/opt/ros/humble /usr/bin/cmake /home/wqj/realtime_nvblox_ws/src/ur7e_d435_gazebo -DCMAKE_BUILD_TYPE=Release -DBUILD_TESTING=OFF -DAMENT_CMAKE_SYMLINK_INSTALL=1 -DCMAKE_INSTALL_PREFIX=/home/wqj/realtime_nvblox_ws/install/ur7e_d435_gazebo
[0.014s] -- Found ament_cmake: 1.3.12 (/opt/ros/humble/share/ament_cmake/cmake)
[0.075s] -- Override CMake install command with custom implementation using symlinks instead of copying resources
[0.081s] CMake Warning (dev) at /usr/share/cmake-3.22/Modules/FindPackageHandleStandardArgs.cmake:438 (message):
[0.081s]   The package name passed to `find_package_handle_standard_args` (PkgConfig)
[0.082s]   does not match the name of the calling package (gazebo).  This can lead to
[0.082s]   problems in calling code that expects `find_package` result variables
[0.082s]   (e.g., `_FOUND`) to follow a certain pattern.
[0.082s] Call Stack (most recent call first):
[0.082s]   /usr/share/cmake-3.22/Modules/FindPkgConfig.cmake:99 (find_package_handle_standard_args)
[0.082s]   /usr/lib/x86_64-linux-gnu/cmake/gazebo/gazebo-config.cmake:72 (include)
[0.082s]   CMakeLists.txt:4 (find_package)
[0.082s] This warning is for project developers.  Use -Wno-dev to suppress it.
[0.082s] 
[0.099s] -- Found DART: /usr/include (Required is at least version "6.6") found components: dart 
[0.116s] -- Found Protobuf: /usr/lib/x86_64-linux-gnu/libprotobuf.so (found version "3.12.4") 
[0.117s] -- Looking for ignition-math6 -- found version 6.15.1
[0.120s] -- Searching for dependencies of ignition-math6
[0.120s] -- Looking for OGRE...
[0.124s] -- Found Ogre Ghadamon (1.9.0)
[0.124s] -- Found OGRE: optimized;/usr/lib/x86_64-linux-gnu/libOgreMain.so;debug;/usr/lib/x86_64-linux-gnu/libOgreMain.so
[0.129s] -- Looking for OGRE_Paging...
[0.129s] -- Found OGRE_Paging: optimized;/usr/lib/x86_64-linux-gnu/libOgrePaging.so;debug;/usr/lib/x86_64-linux-gnu/libOgrePaging.so
[0.129s] -- Looking for OGRE_Terrain...
[0.129s] -- Found OGRE_Terrain: optimized;/usr/lib/x86_64-linux-gnu/libOgreTerrain.so;debug;/usr/lib/x86_64-linux-gnu/libOgreTerrain.so
[0.129s] -- Looking for OGRE_Property...
[0.129s] -- Found OGRE_Property: optimized;/usr/lib/x86_64-linux-gnu/libOgreProperty.so;debug;/usr/lib/x86_64-linux-gnu/libOgreProperty.so
[0.129s] -- Looking for OGRE_RTShaderSystem...
[0.129s] -- Found OGRE_RTShaderSystem: optimized;/usr/lib/x86_64-linux-gnu/libOgreRTShaderSystem.so;debug;/usr/lib/x86_64-linux-gnu/libOgreRTShaderSystem.so
[0.129s] -- Looking for OGRE_Volume...
[0.129s] -- Found OGRE_Volume: optimized;/usr/lib/x86_64-linux-gnu/libOgreVolume.so;debug;/usr/lib/x86_64-linux-gnu/libOgreVolume.so
[0.129s] -- Looking for OGRE_Overlay...
[0.129s] -- Found OGRE_Overlay: optimized;/usr/lib/x86_64-linux-gnu/libOgreOverlay.so;debug;/usr/lib/x86_64-linux-gnu/libOgreOverlay.so
[0.184s] -- Looking for ignition-math6 -- found version 6.15.1
[0.184s] -- Looking for ignition-transport8 -- found version 8.2.1
[0.184s] -- Searching for dependencies of ignition-transport8
[0.194s] -- Found Protobuf: /usr/lib/x86_64-linux-gnu/libprotobuf.so (found suitable version "3.12.4", minimum required is "3") 
[0.199s] -- Config-file not installed for ZeroMQ -- checking for pkg-config
[0.202s] -- Checking for module 'libzmq >= 4'
[0.214s] --   Found libzmq , version 4.3.4
[0.242s] -- Checking for module 'uuid'
[0.250s] --   Found uuid, version 2.37.2
[0.272s] -- Looking for ignition-msgs5 -- found version 5.8.1
[0.272s] -- Searching for dependencies of ignition-msgs5
[0.282s] -- Looking for ignition-math6 -- found version 6.15.1
[0.286s] -- Checking for module 'tinyxml2'
[0.294s] --   Found tinyxml2, version 9.0.0
[0.315s] -- Looking for ignition-msgs5 -- found version 5.8.1
[0.315s] -- Looking for ignition-common3 -- found version 3.14.0
[0.315s] -- Searching for dependencies of ignition-common3
[0.315s] -- Looking for dlfcn.h - found
[0.315s] -- Looking for libdl - found
[0.321s] -- Searching for <ignition-common3> component [graphics]
[0.321s] -- Looking for ignition-common3-graphics -- found version 3.14.0
[0.322s] -- Searching for dependencies of ignition-common3-graphics
[0.322s] -- Looking for ignition-math6 -- found version 6.15.1
[0.322s] -- Looking for ignition-fuel_tools4 -- found version 4.4.0
[0.322s] -- Searching for dependencies of ignition-fuel_tools4
[0.346s] -- Checking for module 'jsoncpp'
[0.355s] --   Found jsoncpp, version 1.9.5
[0.381s] -- Checking for module 'libzip'
[0.389s] --   Found libzip, version 1.7.3
[0.411s] -- Looking for ignition-common3 -- found version 3.14.0
[0.411s] -- Looking for ignition-math6 -- found version 6.15.1
[0.411s] -- Looking for ignition-msgs5 -- found version 5.8.1
[0.412s] -- Found gazebo_ros: 3.9.0 (/opt/ros/humble/share/gazebo_ros/cmake)
[0.424s] -- Found rosidl_generator_c: 3.1.7 (/opt/ros/humble/share/rosidl_generator_c/cmake)
[0.425s] -- Found rosidl_adapter: 3.1.7 (/opt/ros/humble/share/rosidl_adapter/cmake)
[0.428s] -- Found rosidl_generator_cpp: 3.1.7 (/opt/ros/humble/share/rosidl_generator_cpp/cmake)
[0.433s] -- Using all available rosidl_typesupport_c: rosidl_typesupport_fastrtps_c;rosidl_typesupport_introspection_c
[0.439s] -- Using all available rosidl_typesupport_cpp: rosidl_typesupport_fastrtps_cpp;rosidl_typesupport_introspection_cpp
[0.454s] -- Found rmw_implementation_cmake: 6.1.2 (/opt/ros/humble/share/rmw_implementation_cmake/cmake)
[0.455s] -- Found rmw_fastrtps_cpp: 6.2.9 (/opt/ros/humble/share/rmw_fastrtps_cpp/cmake)
[0.509s] -- Using RMW implementation 'rmw_fastrtps_cpp' as default
[0.537s] -- Gazebo version: 11.10
[0.537s] -- Found sensor_msgs: 4.9.0 (/opt/ros/humble/share/sensor_msgs/cmake)
[0.551s] -- Found image_transport: 3.1.12 (/opt/ros/humble/share/image_transport/cmake)
[0.561s] -- Found point_cloud_transport: 1.0.21 (/opt/ros/humble/share/point_cloud_transport/cmake)
[0.563s] -- Found camera_info_manager: 3.1.12 (/opt/ros/humble/share/camera_info_manager/cmake)
[0.604s] -- Configuring done
[0.621s] -- Generating done
[0.623s] -- Build files have been written to: /home/wqj/realtime_nvblox_ws/build/ur7e_d435_gazebo
[0.629s] Invoked command in '/home/wqj/realtime_nvblox_ws/build/ur7e_d435_gazebo' returned '0': CMAKE_PREFIX_PATH=/opt/ros/humble /usr/bin/cmake /home/wqj/realtime_nvblox_ws/src/ur7e_d435_gazebo -DCMAKE_BUILD_TYPE=Release -DBUILD_TESTING=OFF -DAMENT_CMAKE_SYMLINK_INSTALL=1 -DCMAKE_INSTALL_PREFIX=/home/wqj/realtime_nvblox_ws/install/ur7e_d435_gazebo
[0.630s] Invoking command in '/home/wqj/realtime_nvblox_ws/build/ur7e_d435_gazebo': CMAKE_PREFIX_PATH=/opt/ros/humble /usr/bin/cmake --build /home/wqj/realtime_nvblox_ws/build/ur7e_d435_gazebo -- -j24 -l24
[0.664s] [ 33%] Building CXX object CMakeFiles/realsense_gazebo_plugin.dir/third_party/realsense_gazebo_plugin/src/RealSensePlugin.cpp.o
[0.666s] [ 66%] Building CXX object CMakeFiles/realsense_gazebo_plugin.dir/third_party/realsense_gazebo_plugin/src/gazebo_ros_realsense.cpp.o
[11.593s] [100%] Linking CXX shared library librealsense_gazebo_plugin.so
[11.837s] [100%] Built target realsense_gazebo_plugin
[11.845s] Invoked command in '/home/wqj/realtime_nvblox_ws/build/ur7e_d435_gazebo' returned '0': CMAKE_PREFIX_PATH=/opt/ros/humble /usr/bin/cmake --build /home/wqj/realtime_nvblox_ws/build/ur7e_d435_gazebo -- -j24 -l24
[11.850s] Invoking command in '/home/wqj/realtime_nvblox_ws/build/ur7e_d435_gazebo': CMAKE_PREFIX_PATH=/opt/ros/humble /usr/bin/cmake --install /home/wqj/realtime_nvblox_ws/build/ur7e_d435_gazebo
[11.855s] -- Install configuration: "Release"
[11.855s] -- Execute custom install script
[11.856s] -- Symlinking: /home/wqj/realtime_nvblox_ws/install/ur7e_d435_gazebo/lib/librealsense_gazebo_plugin.so
[11.862s] -- Symlinking: /home/wqj/realtime_nvblox_ws/install/ur7e_d435_gazebo/share/ur7e_d435_gazebo/config/collision_world_gazebo_tall.yml
[11.867s] -- Symlinking: /home/wqj/realtime_nvblox_ws/install/ur7e_d435_gazebo/share/ur7e_d435_gazebo/config/controllers.yaml
[11.874s] -- Symlinking: /home/wqj/realtime_nvblox_ws/install/ur7e_d435_gazebo/share/ur7e_d435_gazebo/config/d435_side_mount_validation.json
[11.879s] -- Symlinking: /home/wqj/realtime_nvblox_ws/install/ur7e_d435_gazebo/share/ur7e_d435_gazebo/config/initial_positions.yaml
[11.885s] -- Symlinking: /home/wqj/realtime_nvblox_ws/install/ur7e_d435_gazebo/share/ur7e_d435_gazebo/config/ur7e_d435_side_sim_mount.yaml
[11.890s] -- Symlinking: /home/wqj/realtime_nvblox_ws/install/ur7e_d435_gazebo/share/ur7e_d435_gazebo/urdf/d435_side_mount.urdf.xacro
[11.895s] -- Symlinking: /home/wqj/realtime_nvblox_ws/install/ur7e_d435_gazebo/share/ur7e_d435_gazebo/urdf/realsense/_d435.urdf.xacro
[11.901s] -- Symlinking: /home/wqj/realtime_nvblox_ws/install/ur7e_d435_gazebo/share/ur7e_d435_gazebo/urdf/realsense/_materials.urdf.xacro
[11.905s] -- Symlinking: /home/wqj/realtime_nvblox_ws/install/ur7e_d435_gazebo/share/ur7e_d435_gazebo/urdf/realsense/_usb_plug.urdf.xacro
[11.911s] -- Symlinking: /home/wqj/realtime_nvblox_ws/install/ur7e_d435_gazebo/share/ur7e_d435_gazebo/urdf/ur7e_base.urdf.xacro
[11.915s] -- Symlinking: /home/wqj/realtime_nvblox_ws/install/ur7e_d435_gazebo/share/ur7e_d435_gazebo/urdf/ur7e_d435.urdf.xacro
[11.919s] -- Symlinking: /home/wqj/realtime_nvblox_ws/install/ur7e_d435_gazebo/share/ur7e_d435_gazebo/meshes/realsense/d435.dae
[11.924s] -- Symlinking: /home/wqj/realtime_nvblox_ws/install/ur7e_d435_gazebo/share/ur7e_d435_gazebo/meshes/realsense/plug.stl
[11.929s] -- Symlinking: /home/wqj/realtime_nvblox_ws/install/ur7e_d435_gazebo/share/ur7e_d435_gazebo/meshes/ur/collision/base.stl
[11.934s] -- Symlinking: /home/wqj/realtime_nvblox_ws/install/ur7e_d435_gazebo/share/ur7e_d435_gazebo/meshes/ur/collision/forearm.stl
[11.938s] -- Symlinking: /home/wqj/realtime_nvblox_ws/install/ur7e_d435_gazebo/share/ur7e_d435_gazebo/meshes/ur/collision/shoulder.stl
[11.942s] -- Symlinking: /home/wqj/realtime_nvblox_ws/install/ur7e_d435_gazebo/share/ur7e_d435_gazebo/meshes/ur/collision/upperarm.stl
[11.948s] -- Symlinking: /home/wqj/realtime_nvblox_ws/install/ur7e_d435_gazebo/share/ur7e_d435_gazebo/meshes/ur/collision/wrist1.stl
[11.953s] -- Symlinking: /home/wqj/realtime_nvblox_ws/install/ur7e_d435_gazebo/share/ur7e_d435_gazebo/meshes/ur/collision/wrist2.stl
[11.959s] -- Symlinking: /home/wqj/realtime_nvblox_ws/install/ur7e_d435_gazebo/share/ur7e_d435_gazebo/meshes/ur/collision/wrist3.stl
[11.963s] -- Symlinking: /home/wqj/realtime_nvblox_ws/install/ur7e_d435_gazebo/share/ur7e_d435_gazebo/meshes/ur/visual/base.dae
[11.967s] -- Symlinking: /home/wqj/realtime_nvblox_ws/install/ur7e_d435_gazebo/share/ur7e_d435_gazebo/meshes/ur/visual/forearm.dae
[11.972s] -- Symlinking: /home/wqj/realtime_nvblox_ws/install/ur7e_d435_gazebo/share/ur7e_d435_gazebo/meshes/ur/visual/shoulder.dae
[11.976s] -- Symlinking: /home/wqj/realtime_nvblox_ws/install/ur7e_d435_gazebo/share/ur7e_d435_gazebo/meshes/ur/visual/upperarm.dae
[11.982s] -- Symlinking: /home/wqj/realtime_nvblox_ws/install/ur7e_d435_gazebo/share/ur7e_d435_gazebo/meshes/ur/visual/wrist1.dae
[11.986s] -- Symlinking: /home/wqj/realtime_nvblox_ws/install/ur7e_d435_gazebo/share/ur7e_d435_gazebo/meshes/ur/visual/wrist2.dae
[11.991s] -- Symlinking: /home/wqj/realtime_nvblox_ws/install/ur7e_d435_gazebo/share/ur7e_d435_gazebo/meshes/ur/visual/wrist3.dae
[11.995s] -- Symlinking: /home/wqj/realtime_nvblox_ws/install/ur7e_d435_gazebo/share/ur7e_d435_gazebo/launch/scene.launch.py
[11.999s] -- Symlinking: /home/wqj/realtime_nvblox_ws/install/ur7e_d435_gazebo/share/ur7e_d435_gazebo/licenses/RealSense-Apache-2.0.txt
[12.004s] -- Symlinking: /home/wqj/realtime_nvblox_ws/install/ur7e_d435_gazebo/share/ur7e_d435_gazebo/licenses/UR-Description-LICENSE
[12.009s] -- Symlinking: /home/wqj/realtime_nvblox_ws/install/ur7e_d435_gazebo/share/ur7e_d435_gazebo/README.md
[12.014s] -- Symlinking: /home/wqj/realtime_nvblox_ws/install/ur7e_d435_gazebo/share/ur7e_d435_gazebo/THIRD_PARTY.md
[12.020s] -- Symlinking: /home/wqj/realtime_nvblox_ws/install/ur7e_d435_gazebo/lib/ur7e_d435_gazebo/spawn_scene.py
[12.025s] -- Symlinking: /home/wqj/realtime_nvblox_ws/install/ur7e_d435_gazebo/lib/ur7e_d435_gazebo/verify_scene.py
[12.029s] -- Symlinking: /home/wqj/realtime_nvblox_ws/install/ur7e_d435_gazebo/lib/ur7e_d435_gazebo/gazebo_obstacle_utils.py
[12.035s] -- Symlinking: /home/wqj/realtime_nvblox_ws/install/ur7e_d435_gazebo/share/ament_index/resource_index/package_run_dependencies/ur7e_d435_gazebo
[12.039s] -- Symlinking: /home/wqj/realtime_nvblox_ws/install/ur7e_d435_gazebo/share/ament_index/resource_index/parent_prefix_path/ur7e_d435_gazebo
[12.044s] -- Symlinking: /home/wqj/realtime_nvblox_ws/install/ur7e_d435_gazebo/share/ur7e_d435_gazebo/environment/ament_prefix_path.sh
[12.049s] -- Symlinking: /home/wqj/realtime_nvblox_ws/install/ur7e_d435_gazebo/share/ur7e_d435_gazebo/environment/ament_prefix_path.dsv
[12.054s] -- Symlinking: /home/wqj/realtime_nvblox_ws/install/ur7e_d435_gazebo/share/ur7e_d435_gazebo/environment/path.sh
[12.059s] -- Symlinking: /home/wqj/realtime_nvblox_ws/install/ur7e_d435_gazebo/share/ur7e_d435_gazebo/environment/path.dsv
[12.064s] -- Symlinking: /home/wqj/realtime_nvblox_ws/install/ur7e_d435_gazebo/share/ur7e_d435_gazebo/local_setup.bash
[12.070s] -- Symlinking: /home/wqj/realtime_nvblox_ws/install/ur7e_d435_gazebo/share/ur7e_d435_gazebo/local_setup.sh
[12.076s] -- Symlinking: /home/wqj/realtime_nvblox_ws/install/ur7e_d435_gazebo/share/ur7e_d435_gazebo/local_setup.zsh
[12.081s] -- Symlinking: /home/wqj/realtime_nvblox_ws/install/ur7e_d435_gazebo/share/ur7e_d435_gazebo/local_setup.dsv
[12.087s] -- Symlinking: /home/wqj/realtime_nvblox_ws/install/ur7e_d435_gazebo/share/ur7e_d435_gazebo/package.dsv
[12.093s] -- Symlinking: /home/wqj/realtime_nvblox_ws/install/ur7e_d435_gazebo/share/ament_index/resource_index/packages/ur7e_d435_gazebo
[12.097s] -- Symlinking: /home/wqj/realtime_nvblox_ws/install/ur7e_d435_gazebo/share/ur7e_d435_gazebo/cmake/ur7e_d435_gazeboConfig.cmake
[12.101s] -- Symlinking: /home/wqj/realtime_nvblox_ws/install/ur7e_d435_gazebo/share/ur7e_d435_gazebo/cmake/ur7e_d435_gazeboConfig-version.cmake
[12.107s] -- Symlinking: /home/wqj/realtime_nvblox_ws/install/ur7e_d435_gazebo/share/ur7e_d435_gazebo/package.xml
[12.112s] Invoked command in '/home/wqj/realtime_nvblox_ws/build/ur7e_d435_gazebo' returned '0': CMAKE_PREFIX_PATH=/opt/ros/humble /usr/bin/cmake --install /home/wqj/realtime_nvblox_ws/build/ur7e_d435_gazebo
