running develop
running egg_info
creating realtime_nvblox.egg-info
writing realtime_nvblox.egg-info/PKG-INFO
writing dependency_links to realtime_nvblox.egg-info/dependency_links.txt
writing entry points to realtime_nvblox.egg-info/entry_points.txt
writing requirements to realtime_nvblox.egg-info/requires.txt
writing top-level names to realtime_nvblox.egg-info/top_level.txt
writing manifest file 'realtime_nvblox.egg-info/SOURCES.txt'
reading manifest file 'realtime_nvblox.egg-info/SOURCES.txt'
adding license file 'LICENSE'
writing manifest file 'realtime_nvblox.egg-info/SOURCES.txt'
running build_ext
Creating /home/wqj/realtime_nvblox_ws/install/realtime_nvblox/lib/python3.10/site-packages/realtime-nvblox.egg-link (link to .)
Installing check_environment script to /home/wqj/realtime_nvblox_ws/install/realtime_nvblox/lib/realtime_nvblox
Installing ros_mapper script to /home/wqj/realtime_nvblox_ws/install/realtime_nvblox/lib/realtime_nvblox
Installing standalone_mapper script to /home/wqj/realtime_nvblox_ws/install/realtime_nvblox/lib/realtime_nvblox

Installed /home/wqj/realtime_nvblox_ws/build/realtime_nvblox
running symlink_data
creating /home/wqj/realtime_nvblox_ws/install/realtime_nvblox/share/ament_index
creating /home/wqj/realtime_nvblox_ws/install/realtime_nvblox/share/ament_index/resource_index
creating /home/wqj/realtime_nvblox_ws/install/realtime_nvblox/share/ament_index/resource_index/packages
symbolically linking /home/wqj/realtime_nvblox_ws/build/realtime_nvblox/resource/realtime_nvblox -> /home/wqj/realtime_nvblox_ws/install/realtime_nvblox/share/ament_index/resource_index/packages
symbolically linking /home/wqj/realtime_nvblox_ws/build/realtime_nvblox/package.xml -> /home/wqj/realtime_nvblox_ws/install/realtime_nvblox/share/realtime_nvblox
symbolically linking /home/wqj/realtime_nvblox_ws/build/realtime_nvblox/README.md -> /home/wqj/realtime_nvblox_ws/install/realtime_nvblox/share/realtime_nvblox
symbolically linking /home/wqj/realtime_nvblox_ws/build/realtime_nvblox/DEPLOY.md -> /home/wqj/realtime_nvblox_ws/install/realtime_nvblox/share/realtime_nvblox
symbolically linking /home/wqj/realtime_nvblox_ws/build/realtime_nvblox/LICENSE -> /home/wqj/realtime_nvblox_ws/install/realtime_nvblox/share/realtime_nvblox
creating /home/wqj/realtime_nvblox_ws/install/realtime_nvblox/share/realtime_nvblox/launch
symbolically linking /home/wqj/realtime_nvblox_ws/build/realtime_nvblox/launch/reconstruction.launch.py -> /home/wqj/realtime_nvblox_ws/install/realtime_nvblox/share/realtime_nvblox/launch
creating /home/wqj/realtime_nvblox_ws/install/realtime_nvblox/share/realtime_nvblox/config
symbolically linking /home/wqj/realtime_nvblox_ws/build/realtime_nvblox/config/default.yaml -> /home/wqj/realtime_nvblox_ws/install/realtime_nvblox/share/realtime_nvblox/config
symbolically linking /home/wqj/realtime_nvblox_ws/build/realtime_nvblox/config/esdf_benchmark.yaml -> /home/wqj/realtime_nvblox_ws/install/realtime_nvblox/share/realtime_nvblox/config
symbolically linking /home/wqj/realtime_nvblox_ws/build/realtime_nvblox/config/esdf_final.yaml -> /home/wqj/realtime_nvblox_ws/install/realtime_nvblox/share/realtime_nvblox/config
creating /home/wqj/realtime_nvblox_ws/install/realtime_nvblox/share/realtime_nvblox/rviz
symbolically linking /home/wqj/realtime_nvblox_ws/build/realtime_nvblox/rviz/realtime_nvblox.rviz -> /home/wqj/realtime_nvblox_ws/install/realtime_nvblox/share/realtime_nvblox/rviz
