[0.329s] Invoking command in '/home/wqj/realtime_nvblox_ws/build/realtime_nvblox': CONDA_PROMPT_MODIFIER=(whole_control) PYTHONPATH=/home/wqj/realtime_nvblox_ws/build/realtime_nvblox/prefix_override:/usr/lib/python3/dist-packages/colcon_core/task/python/colcon_distutils_commands:/home/wqj/realtime_nvblox_ws/install/realtime_nvblox/lib/python3.10/site-packages:${PYTHONPATH} /usr/bin/python3 -W ignore:setup.py install is deprecated -W ignore:easy_install command is deprecated setup.py develop --editable --build-directory /home/wqj/realtime_nvblox_ws/build/realtime_nvblox/build --no-deps symlink_data
[0.454s] running develop
[0.523s] running egg_info
[0.523s] creating realtime_nvblox.egg-info
[0.523s] writing realtime_nvblox.egg-info/PKG-INFO
[0.523s] writing dependency_links to realtime_nvblox.egg-info/dependency_links.txt
[0.523s] writing entry points to realtime_nvblox.egg-info/entry_points.txt
[0.523s] writing requirements to realtime_nvblox.egg-info/requires.txt
[0.523s] writing top-level names to realtime_nvblox.egg-info/top_level.txt
[0.523s] writing manifest file 'realtime_nvblox.egg-info/SOURCES.txt'
[0.524s] reading manifest file 'realtime_nvblox.egg-info/SOURCES.txt'
[0.524s] adding license file 'LICENSE'
[0.524s] writing manifest file 'realtime_nvblox.egg-info/SOURCES.txt'
[0.525s] running build_ext
[0.525s] Creating /home/wqj/realtime_nvblox_ws/install/realtime_nvblox/lib/python3.10/site-packages/realtime-nvblox.egg-link (link to .)
[0.525s] Installing check_environment script to /home/wqj/realtime_nvblox_ws/install/realtime_nvblox/lib/realtime_nvblox
[0.525s] Installing ros_mapper script to /home/wqj/realtime_nvblox_ws/install/realtime_nvblox/lib/realtime_nvblox
[0.525s] Installing standalone_mapper script to /home/wqj/realtime_nvblox_ws/install/realtime_nvblox/lib/realtime_nvblox
[0.525s] 
[0.525s] Installed /home/wqj/realtime_nvblox_ws/build/realtime_nvblox
[0.525s] running symlink_data
[0.525s] creating /home/wqj/realtime_nvblox_ws/install/realtime_nvblox/share/ament_index
[0.525s] creating /home/wqj/realtime_nvblox_ws/install/realtime_nvblox/share/ament_index/resource_index
[0.525s] creating /home/wqj/realtime_nvblox_ws/install/realtime_nvblox/share/ament_index/resource_index/packages
[0.525s] symbolically linking /home/wqj/realtime_nvblox_ws/build/realtime_nvblox/resource/realtime_nvblox -> /home/wqj/realtime_nvblox_ws/install/realtime_nvblox/share/ament_index/resource_index/packages
[0.525s] symbolically linking /home/wqj/realtime_nvblox_ws/build/realtime_nvblox/package.xml -> /home/wqj/realtime_nvblox_ws/install/realtime_nvblox/share/realtime_nvblox
[0.525s] symbolically linking /home/wqj/realtime_nvblox_ws/build/realtime_nvblox/README.md -> /home/wqj/realtime_nvblox_ws/install/realtime_nvblox/share/realtime_nvblox
[0.525s] symbolically linking /home/wqj/realtime_nvblox_ws/build/realtime_nvblox/DEPLOY.md -> /home/wqj/realtime_nvblox_ws/install/realtime_nvblox/share/realtime_nvblox
[0.525s] symbolically linking /home/wqj/realtime_nvblox_ws/build/realtime_nvblox/LICENSE -> /home/wqj/realtime_nvblox_ws/install/realtime_nvblox/share/realtime_nvblox
[0.526s] creating /home/wqj/realtime_nvblox_ws/install/realtime_nvblox/share/realtime_nvblox/launch
[0.526s] symbolically linking /home/wqj/realtime_nvblox_ws/build/realtime_nvblox/launch/reconstruction.launch.py -> /home/wqj/realtime_nvblox_ws/install/realtime_nvblox/share/realtime_nvblox/launch
[0.526s] creating /home/wqj/realtime_nvblox_ws/install/realtime_nvblox/share/realtime_nvblox/config
[0.526s] symbolically linking /home/wqj/realtime_nvblox_ws/build/realtime_nvblox/config/default.yaml -> /home/wqj/realtime_nvblox_ws/install/realtime_nvblox/share/realtime_nvblox/config
[0.526s] symbolically linking /home/wqj/realtime_nvblox_ws/build/realtime_nvblox/config/esdf_benchmark.yaml -> /home/wqj/realtime_nvblox_ws/install/realtime_nvblox/share/realtime_nvblox/config
[0.526s] symbolically linking /home/wqj/realtime_nvblox_ws/build/realtime_nvblox/config/esdf_final.yaml -> /home/wqj/realtime_nvblox_ws/install/realtime_nvblox/share/realtime_nvblox/config
[0.526s] creating /home/wqj/realtime_nvblox_ws/install/realtime_nvblox/share/realtime_nvblox/rviz
[0.526s] symbolically linking /home/wqj/realtime_nvblox_ws/build/realtime_nvblox/rviz/realtime_nvblox.rviz -> /home/wqj/realtime_nvblox_ws/install/realtime_nvblox/share/realtime_nvblox/rviz
[0.538s] Invoked command in '/home/wqj/realtime_nvblox_ws/build/realtime_nvblox' returned '0': CONDA_PROMPT_MODIFIER=(whole_control) PYTHONPATH=/home/wqj/realtime_nvblox_ws/build/realtime_nvblox/prefix_override:/usr/lib/python3/dist-packages/colcon_core/task/python/colcon_distutils_commands:/home/wqj/realtime_nvblox_ws/install/realtime_nvblox/lib/python3.10/site-packages:${PYTHONPATH} /usr/bin/python3 -W ignore:setup.py install is deprecated -W ignore:easy_install command is deprecated setup.py develop --editable --build-directory /home/wqj/realtime_nvblox_ws/build/realtime_nvblox/build --no-deps symlink_data
