[0.008s] Invoking command in '/home/wqj/realtime_nvblox_ws/build/ur7e_d435_gazebo': /usr/bin/cmake /home/wqj/realtime_nvblox_ws/src/ur7e_d435_gazebo -DCMAKE_BUILD_TYPE=Release -DBUILD_TESTING=OFF -DCMAKE_INSTALL_PREFIX=/home/wqj/realtime_nvblox_ws/install/ur7e_d435_gazebo
[0.147s] -- The C compiler identification is GNU 11.4.0
[0.184s] -- The CXX compiler identification is GNU 11.4.0
[0.192s] -- Detecting C compiler ABI info
[0.244s] -- Detecting C compiler ABI info - done
[0.248s] -- Check for working C compiler: /usr/bin/cc - skipped
[0.249s] -- Detecting C compile features
[0.250s] -- Detecting C compile features - done
[0.252s] -- Detecting CXX compiler ABI info
[0.304s] -- Detecting CXX compiler ABI info - done
[0.309s] -- Check for working CXX compiler: /usr/bin/c++ - skipped
[0.309s] -- Detecting CXX compile features
[0.309s] -- Detecting CXX compile features - done
[0.312s] -- Found ament_cmake: 1.3.12 (/opt/ros/humble/share/ament_cmake/cmake)
[0.399s] -- Found Python3: /usr/bin/python3 (found version "3.10.12") found components: Interpreter 
[0.460s] CMake Warning (dev) at /usr/share/cmake-3.22/Modules/FindPackageHandleStandardArgs.cmake:438 (message):
[0.460s]   The package name passed to `find_package_handle_standard_args` (PkgConfig)
[0.460s]   does not match the name of the calling package (gazebo).  This can lead to
[0.460s]   problems in calling code that expects `find_package` result variables
[0.460s]   (e.g., `_FOUND`) to follow a certain pattern.
[0.460s] Call Stack (most recent call first):
[0.460s]   /usr/share/cmake-3.22/Modules/FindPkgConfig.cmake:99 (find_package_handle_standard_args)
[0.460s]   /usr/lib/x86_64-linux-gnu/cmake/gazebo/gazebo-config.cmake:72 (include)
[0.460s]   CMakeLists.txt:4 (find_package)
[0.460s] This warning is for project developers.  Use -Wno-dev to suppress it.
[0.460s] 
[0.460s] -- Found PkgConfig: /usr/bin/pkg-config (found version "0.29.2") 
[0.463s] -- Checking for module 'bullet>=2.82'
[0.473s] --   Found bullet, version 3.05
[0.540s] -- Found fcl: /usr/include (found suitable version "0.7.0", minimum required is "0.5.0") 
[0.572s] -- Found assimp: /usr/include (found version "5.2.0") 
[0.588s] -- Found DART: /usr/include (Required is at least version "6.6") found components: dart 
[0.707s] -- Found Boost: /usr/lib/x86_64-linux-gnu/cmake/Boost-1.74.0/BoostConfig.cmake (found suitable version "1.74.0", minimum required is "1.40.0") found components: thread system filesystem program_options regex iostreams date_time 
[0.727s] -- Found Protobuf: /usr/lib/x86_64-linux-gnu/libprotobuf.so (found version "3.12.4") 
[0.730s] -- Looking for ignition-math6 -- found version 6.15.1
[0.737s] -- Searching for dependencies of ignition-math6
[0.738s] -- Looking for OGRE...
[0.738s] -- OGRE_PREFIX_WATCH changed.
[0.742s] -- Checking for module 'OGRE'
[0.750s] --   Found OGRE, version 1.9.0
[0.773s] -- Found Ogre Ghadamon (1.9.0)
[0.778s] -- Found OGRE: optimized;/usr/lib/x86_64-linux-gnu/libOgreMain.so;debug;/usr/lib/x86_64-linux-gnu/libOgreMain.so
[0.783s] -- Looking for OGRE_Paging...
[0.786s] -- Found OGRE_Paging: optimized;/usr/lib/x86_64-linux-gnu/libOgrePaging.so;debug;/usr/lib/x86_64-linux-gnu/libOgrePaging.so
[0.786s] -- Looking for OGRE_Terrain...
[0.788s] -- Found OGRE_Terrain: optimized;/usr/lib/x86_64-linux-gnu/libOgreTerrain.so;debug;/usr/lib/x86_64-linux-gnu/libOgreTerrain.so
[0.788s] -- Looking for OGRE_Property...
[0.790s] -- Found OGRE_Property: optimized;/usr/lib/x86_64-linux-gnu/libOgreProperty.so;debug;/usr/lib/x86_64-linux-gnu/libOgreProperty.so
[0.790s] -- Looking for OGRE_RTShaderSystem...
[0.792s] -- Found OGRE_RTShaderSystem: optimized;/usr/lib/x86_64-linux-gnu/libOgreRTShaderSystem.so;debug;/usr/lib/x86_64-linux-gnu/libOgreRTShaderSystem.so
[0.792s] -- Looking for OGRE_Volume...
[0.794s] -- Found OGRE_Volume: optimized;/usr/lib/x86_64-linux-gnu/libOgreVolume.so;debug;/usr/lib/x86_64-linux-gnu/libOgreVolume.so
[0.794s] -- Looking for OGRE_Overlay...
[0.796s] -- Found OGRE_Overlay: optimized;/usr/lib/x86_64-linux-gnu/libOgreOverlay.so;debug;/usr/lib/x86_64-linux-gnu/libOgreOverlay.so
[0.843s] -- Looking for ignition-math6 -- found version 6.15.1
[0.845s] -- Looking for ignition-transport8 -- found version 8.2.1
[0.846s] -- Searching for dependencies of ignition-transport8
[0.856s] -- Found Protobuf: /usr/lib/x86_64-linux-gnu/libprotobuf.so (found suitable version "3.12.4", minimum required is "3") 
[0.861s] -- Config-file not installed for ZeroMQ -- checking for pkg-config
[0.865s] -- Checking for module 'libzmq >= 4'
[0.874s] --   Found libzmq , version 4.3.4
[0.899s] -- Found ZeroMQ: TRUE (Required is at least version "4") 
[0.903s] -- Checking for module 'uuid'
[0.912s] --   Found uuid, version 2.37.2
[0.933s] -- Found UUID: TRUE  
[0.937s] -- Looking for ignition-msgs5 -- found version 5.8.1
[0.938s] -- Searching for dependencies of ignition-msgs5
[0.948s] -- Looking for ignition-math6 -- found version 6.15.1
[0.951s] -- Checking for module 'tinyxml2'
[0.959s] --   Found tinyxml2, version 9.0.0
[0.982s] -- Looking for ignition-msgs5 -- found version 5.8.1
[0.984s] -- Looking for ignition-common3 -- found version 3.14.0
[0.984s] -- Searching for dependencies of ignition-common3
[0.985s] -- Looking for dlfcn.h - found
[0.985s] -- Looking for libdl - found
[0.986s] -- Found DL: TRUE  
[0.996s] -- Found tinyobjloader: /usr/lib/x86_64-linux-gnu/cmake/tinyobjloader/tinyobjloader-config.cmake (found version "2.0.0") 
[0.997s] -- Searching for <ignition-common3> component [graphics]
[0.999s] -- Looking for ignition-common3-graphics -- found version 3.14.0
[1.000s] -- Searching for dependencies of ignition-common3-graphics
[1.000s] -- Looking for ignition-math6 -- found version 6.15.1
[1.003s] -- Looking for ignition-fuel_tools4 -- found version 4.4.0
[1.003s] -- Searching for dependencies of ignition-fuel_tools4
[1.055s] -- Found CURL: /usr/lib/x86_64-linux-gnu/libcurl.so (found version "7.81.0")  
[1.063s] -- Checking for module 'jsoncpp'
[1.072s] --   Found jsoncpp, version 1.9.5
[1.095s] -- Found JSONCPP: TRUE  
[1.099s] -- Checking for module 'libzip'
[1.108s] --   Found libzip, version 1.7.3
[1.130s] -- Found ZIP: TRUE  
[1.130s] -- Looking for ignition-common3 -- found version 3.14.0
[1.130s] -- Looking for ignition-math6 -- found version 6.15.1
[1.131s] -- Looking for ignition-msgs5 -- found version 5.8.1
[1.135s] -- Found gazebo_ros: 3.9.0 (/opt/ros/humble/share/gazebo_ros/cmake)
[1.170s] -- Found rosidl_generator_c: 3.1.7 (/opt/ros/humble/share/rosidl_generator_c/cmake)
[1.174s] -- Found rosidl_adapter: 3.1.7 (/opt/ros/humble/share/rosidl_adapter/cmake)
[1.181s] -- Found rosidl_generator_cpp: 3.1.7 (/opt/ros/humble/share/rosidl_generator_cpp/cmake)
[1.190s] -- Using all available rosidl_typesupport_c: rosidl_typesupport_fastrtps_c;rosidl_typesupport_introspection_c
[1.203s] -- Using all available rosidl_typesupport_cpp: rosidl_typesupport_fastrtps_cpp;rosidl_typesupport_introspection_cpp
[1.238s] -- Found rmw_implementation_cmake: 6.1.2 (/opt/ros/humble/share/rmw_implementation_cmake/cmake)
[1.240s] -- Found rmw_fastrtps_cpp: 6.2.9 (/opt/ros/humble/share/rmw_fastrtps_cpp/cmake)
[1.303s] -- Found OpenSSL: /usr/lib/x86_64-linux-gnu/libcrypto.so (found version "3.0.2")  
[1.320s] -- Found FastRTPS: /opt/ros/humble/include  
[1.343s] -- Using RMW implementation 'rmw_fastrtps_cpp' as default
[1.351s] -- Found Threads: TRUE  
[1.395s] -- Gazebo version: 11.10
[1.395s] -- Checking for module 'tbb'
[1.404s] --   Found tbb, version 2021.5.0
[1.429s] -- Found sensor_msgs: 4.9.0 (/opt/ros/humble/share/sensor_msgs/cmake)
[1.455s] -- Found image_transport: 3.1.12 (/opt/ros/humble/share/image_transport/cmake)
[1.478s] -- Found point_cloud_transport: 1.0.21 (/opt/ros/humble/share/point_cloud_transport/cmake)
[1.481s] -- Found camera_info_manager: 3.1.12 (/opt/ros/humble/share/camera_info_manager/cmake)
[1.519s] Error parsing '/home/wqj/realtime_nvblox_ws/src/ur7e_d435_gazebo/package.xml':
[1.541s] Traceback (most recent call last):
[1.541s]   File "/opt/ros/humble/share/ament_cmake_core/cmake/core/package_xml_2_cmake.py", line 150, in <module>
[1.542s]     main()
[1.542s]   File "/opt/ros/humble/share/ament_cmake_core/cmake/core/package_xml_2_cmake.py", line 53, in main
[1.542s]     raise e
[1.542s]   File "/opt/ros/humble/share/ament_cmake_core/cmake/core/package_xml_2_cmake.py", line 49, in main
[1.542s]     package = parse_package_string(
[1.542s]   File "/usr/lib/python3/dist-packages/catkin_pkg/package.py", line 788, in parse_package_string
[1.542s]     pkg.validate(warnings=warnings)
[1.542s]   File "/usr/lib/python3/dist-packages/catkin_pkg/package.py", line 330, in validate
[1.542s]     raise InvalidPackage('\n'.join(errors), self.filename)
[1.542s] catkin_pkg.package.InvalidPackage: Error(s) in package '/home/wqj/realtime_nvblox_ws/src/ur7e_d435_gazebo/package.xml':
[1.542s] Invalid email "wqj@localhost" for person "wqj"
[1.549s] CMake Error at /opt/ros/humble/share/ament_cmake_core/cmake/core/ament_package_xml.cmake:95 (message):
[1.549s]   execute_process(/usr/bin/python3
[1.549s]   /opt/ros/humble/share/ament_cmake_core/cmake/core/package_xml_2_cmake.py
[1.549s]   /home/wqj/realtime_nvblox_ws/src/ur7e_d435_gazebo/package.xml
[1.549s]   /home/wqj/realtime_nvblox_ws/build/ur7e_d435_gazebo/ament_cmake_core/package.cmake)
[1.549s]   returned error code 1
[1.549s] Call Stack (most recent call first):
[1.549s]   /opt/ros/humble/share/ament_cmake_core/cmake/core/ament_package_xml.cmake:49 (_ament_package_xml)
[1.549s]   /opt/ros/humble/share/ament_cmake_core/cmake/core/ament_package.cmake:63 (ament_package_xml)
[1.550s]   CMakeLists.txt:28 (ament_package)
[1.550s] 
[1.550s] 
[1.550s] -- Configuring incomplete, errors occurred!
[1.550s] See also "/home/wqj/realtime_nvblox_ws/build/ur7e_d435_gazebo/CMakeFiles/CMakeOutput.log".
[1.557s] Invoked command in '/home/wqj/realtime_nvblox_ws/build/ur7e_d435_gazebo' returned '1': /usr/bin/cmake /home/wqj/realtime_nvblox_ws/src/ur7e_d435_gazebo -DCMAKE_BUILD_TYPE=Release -DBUILD_TESTING=OFF -DCMAKE_INSTALL_PREFIX=/home/wqj/realtime_nvblox_ws/install/ur7e_d435_gazebo
